0 verbose cli /usr/local/bin/node /usr/local/bin/npm
1 info using npm@11.17.0
2 info using node@v24.19.0
3 silly config load:file:/usr/local/lib/node_modules/npm/npmrc
4 silly config load:file:/Users/neeleshkamath/Neelesh Projects AI/Freelance Invoice Generators/.npmrc
5 silly config load:file:/Users/neeleshkamath/.npmrc
6 silly config load:file:/usr/local/etc/npmrc
7 verbose title npm install next@latest react@latest react-dom@latest @supabase/supabase-js @supabase/ssr @react-pdf/renderer react-hot-toast typescript @types/react @types/react-dom @types/node
8 verbose argv "install" "--cache" "./.npm-cache" "next@latest" "react@latest" "react-dom@latest" "@supabase/supabase-js" "@supabase/ssr" "@react-pdf/renderer" "react-hot-toast" "typescript" "@types/react" "@types/react-dom" "@types/node"
9 verbose logfile logs-max:10 dir:/Users/neeleshkamath/Neelesh Projects AI/Freelance Invoice Generators/.npm-cache/_logs/2026-08-31T05_40_32_988Z-
10 verbose logfile /Users/neeleshkamath/Neelesh Projects AI/Freelance Invoice Generators/.npm-cache/_logs/2026-08-31T05_40_32_988Z-debug-0.log
11 silly logfile done cleaning log files
12 http fetch GET https://registry.npmjs.org/npm attempt 1 failed with ENOTFOUND
13 silly packumentCache heap:2348810240 maxSize:587202560 maxEntrySize:293601280
14 silly packumentCache corgi:https://registry.npmjs.org/next cache-miss
15 silly packumentCache corgi:https://registry.npmjs.org/react cache-miss
16 silly packumentCache corgi:https://registry.npmjs.org/react-dom cache-miss
17 http fetch GET https://registry.npmjs.org/next attempt 1 failed with ENOTFOUND
18 http fetch GET https://registry.npmjs.org/react attempt 1 failed with ENOTFOUND
19 http fetch GET https://registry.npmjs.org/react-dom attempt 1 failed with ENOTFOUND
20 http fetch GET https://registry.npmjs.org/npm attempt 2 failed with ENOTFOUND
21 http fetch GET https://registry.npmjs.org/next attempt 2 failed with ENOTFOUND
22 http fetch GET https://registry.npmjs.org/react attempt 2 failed with ENOTFOUND
23 http fetch GET https://registry.npmjs.org/react-dom attempt 2 failed with ENOTFOUND
24 http fetch GET https://registry.npmjs.org/npm attempt 3 failed with ENOTFOUND
25 http fetch GET https://registry.npmjs.org/next attempt 3 failed with ENOTFOUND
26 http fetch GET https://registry.npmjs.org/react attempt 3 failed with ENOTFOUND
27 http fetch GET https://registry.npmjs.org/react-dom attempt 3 failed with ENOTFOUND
28 verbose type system
29 verbose stack FetchError: request to https://registry.npmjs.org/next failed, reason: getaddrinfo ENOTFOUND registry.npmjs.org
29 verbose stack     at ClientRequest.<anonymous> (/usr/local/lib/node_modules/npm/node_modules/minipass-fetch/lib/index.js:130:14)
29 verbose stack     at ClientRequest.emit (node:events:509:28)
29 verbose stack     at emitErrorEvent (node:_http_client:112:11)
29 verbose stack     at _destroy (node:_http_client:1144:9)
29 verbose stack     at onSocketNT (node:_http_client:1165:5)
29 verbose stack     at process.processTicksAndRejections (node:internal/process/task_queues:91:21)
30 error code ENOTFOUND
31 error syscall getaddrinfo
32 error errno ENOTFOUND
33 error network request to https://registry.npmjs.org/next failed, reason: getaddrinfo ENOTFOUND registry.npmjs.org
34 error network This is a problem related to network connectivity.
34 error network In most cases you are behind a proxy or have bad network settings.
34 error network
34 error network If you are behind a proxy, please make sure that the 'proxy' config is set properly.  See: 'npm help config'
35 silly unfinished npm timer reify 1788154833319
36 silly unfinished npm timer reify:loadTrees 1788154833319
37 silly unfinished npm timer idealTree:userRequests 1788154833326
38 verbose cwd /Users/neeleshkamath/Neelesh Projects AI/Freelance Invoice Generators
39 verbose os Darwin 25.4.0
40 verbose node v24.19.0
41 verbose npm  v11.17.0
42 verbose exit 1
43 verbose code 1
44 error A complete log of this run can be found in: /Users/neeleshkamath/Neelesh Projects AI/Freelance Invoice Generators/.npm-cache/_logs/2026-08-31T05_40_32_988Z-debug-0.log
